INFO:     Started server process [13452]
INFO:     Waiting for application startup.
INFO:     Application startup complete.
INFO:     Uvicorn running on http://127.0.0.1:8001 (Press CTRL+C to quit)
2026-09-02 15:29:46,738 INFO GET /health 200 27.82ms
2026-09-02 15:30:49,890 INFO GET /health 200 1.50ms
2026-09-02 15:31:31,076 INFO OPTIONS /api/v1/plans 200 2.59ms
2026-09-02 15:31:31,085 ERROR Exception in callback _ProactorBasePipeTransport._call_connection_lost()
handle: <Handle _ProactorBasePipeTransport._call_connection_lost()>
Traceback (most recent call last):
  File "C:\Python314\Lib\asyncio\events.py", line 94, in _run
    self._context.run(self._callback, *self._args)
    ~~~~~~~~~~~~~~~~~^^^^^^^^^^^^^^^^^^^^^^^^^^^^^
  File "C:\Python314\Lib\asyncio\proactor_events.py", line 165, in _call_connection_lost
    self._sock.shutdown(socket.SHUT_RDWR)
    ~~~~~~~~~~~~~~~~~~~^^^^^^^^^^^^^^^^^^
ConnectionResetError: [WinError 10054] An existing connection was forcibly closed by the remote host
2026-09-02 15:31:31,823 INFO select pg_catalog.version()
2026-09-02 15:31:31,830 INFO [raw sql] ()
2026-09-02 15:31:31,886 INFO select current_schema()
2026-09-02 15:31:31,886 INFO [raw sql] ()
2026-09-02 15:31:31,893 INFO show standard_conforming_strings
2026-09-02 15:31:31,894 INFO [raw sql] ()
2026-09-02 15:31:31,901 INFO BEGIN (implicit)
2026-09-02 15:31:32,117 INFO SELECT plans.id, plans.tier, plans.name, plans.tagline, plans.price, plans.billing_period, plans.is_custom_pricing, plans.features, plans.agent_categories, plans.max_doctors, plans.max_social_channels, plans.max_locations, plans.has_analytics, plans.stripe_price_id, plans.is_active, plans.highlight, plans.display_order, plans.created_at, plans.updated_at 
FROM plans 
WHERE plans.is_active IS true ORDER BY plans.display_order
2026-09-02 15:31:32,118 INFO [generated in 0.00070s] ()
2026-09-02 15:31:32,254 INFO COMMIT
2026-09-02 15:31:32,256 INFO GET /api/v1/plans 200 1052.67ms
2026-09-02 15:31:39,083 INFO OPTIONS /api/v1/patients 200 0.90ms
2026-09-02 15:31:39,085 INFO OPTIONS /api/v1/practice/me 200 0.75ms
2026-09-02 15:31:40,243 INFO BEGIN (implicit)
2026-09-02 15:31:40,248 INFO SELECT users.id, users.practice_id, users.clerk_id, users.email, users.name, users.role, users.phone, users.is_active, users.permissions, users.is_platform_admin, users.created_at, users.updated_at 
FROM users 
WHERE users.clerk_id = $1::VARCHAR
2026-09-02 15:31:40,249 INFO [generated in 0.00100s] ('user_3IJjXjFLcG4qaagJWxQnHqHoXEr',)
2026-09-02 15:31:40,530 INFO SELECT patients.id, patients.practice_id, patients.first_name, patients.last_name, patients.email, patients.phone, patients.date_of_birth, patients.medical_history, patients.consent_status, patients.plan_type, patients.chief_complaint, patients.needs_surgery, patients.ai_agent_assigned, patients.agent_status, patients.agent_cost, patients.lifecycle_stage, patients.lost_reason, patients.source, patients.portal_token, patients.portal_enabled, patients.created_at, patients.updated_at 
FROM patients 
WHERE patients.practice_id = $1::UUID ORDER BY patients.created_at DESC
2026-09-02 15:31:40,531 INFO [generated in 0.00090s] (UUID('4d1123f3-3ba2-42f3-b584-a5009c7b3e39'),)
2026-09-02 15:31:40,554 INFO SELECT DISTINCT appointments.patient_id 
FROM appointments 
WHERE appointments.practice_id = $1::UUID AND appointments.patient_id IN ($4::UUID, $5::UUID) AND appointments.start_time >= $2::TIMESTAMP WITH TIME ZONE AND appointments.status != $3::appointmentstatus
2026-09-02 15:31:40,555 INFO [generated in 0.00155s] (UUID('4d1123f3-3ba2-42f3-b584-a5009c7b3e39'), datetime.datetime(2026, 9, 2, 10, 31, 40, 551443, tzinfo=datetime.timezone.utc), 'CANCELLED', UUID('3e6dd1dd-e2aa-46ae-bae4-b64c75f7bafe'), UUID('c4a9ef0d-7c8d-4da9-aaf7-e9e94a6fdc44'))
2026-09-02 15:31:40,567 INFO BEGIN (implicit)
2026-09-02 15:31:40,569 INFO SELECT users.id, users.practice_id, users.clerk_id, users.email, users.name, users.role, users.phone, users.is_active, users.permissions, users.is_platform_admin, users.created_at, users.updated_at 
FROM users 
WHERE users.clerk_id = $1::VARCHAR
2026-09-02 15:31:40,570 INFO [cached since 0.3218s ago] ('user_3IJjXjFLcG4qaagJWxQnHqHoXEr',)
2026-09-02 15:31:40,578 INFO SELECT DISTINCT appointments.patient_id 
FROM appointments 
WHERE appointments.practice_id = $1::UUID AND appointments.patient_id IN ($3::UUID, $4::UUID) AND appointments.status = $2::appointmentstatus
2026-09-02 15:31:40,579 INFO [generated in 0.00127s] (UUID('4d1123f3-3ba2-42f3-b584-a5009c7b3e39'), 'COMPLETED', UUID('3e6dd1dd-e2aa-46ae-bae4-b64c75f7bafe'), UUID('c4a9ef0d-7c8d-4da9-aaf7-e9e94a6fdc44'))
2026-09-02 15:31:40,587 INFO COMMIT
2026-09-02 15:31:40,590 INFO GET /api/v1/patients 200 1499.75ms
2026-09-02 15:31:40,613 INFO SELECT practices.id, practices.name, practices.email, practices.phone, practices.address, practices.timezone, practices.settings, practices.created_at, practices.updated_at 
FROM practices 
WHERE practices.id = $1::UUID
2026-09-02 15:31:40,614 INFO [generated in 0.00062s] (UUID('4d1123f3-3ba2-42f3-b584-a5009c7b3e39'),)
2026-09-02 15:31:40,623 INFO SELECT subscriptions.id, subscriptions.practice_id, subscriptions.stripe_subscription_id, subscriptions.tier, subscriptions.status, subscriptions.price, subscriptions.start_date, subscriptions.end_date, subscriptions.auto_renew, subscriptions.created_at, subscriptions.updated_at 
FROM subscriptions 
WHERE subscriptions.practice_id = $1::UUID AND subscriptions.status IN ($2::subscriptionstatus, $3::subscriptionstatus) ORDER BY subscriptions.created_at DESC
2026-09-02 15:31:40,624 INFO [generated in 0.00068s] (UUID('4d1123f3-3ba2-42f3-b584-a5009c7b3e39'), 'ACTIVE', 'TRIAL')
2026-09-02 15:31:40,639 INFO SELECT subscriptions.id, subscriptions.practice_id, subscriptions.stripe_subscription_id, subscriptions.tier, subscriptions.status, subscriptions.price, subscriptions.start_date, subscriptions.end_date, subscriptions.auto_renew, subscriptions.created_at, subscriptions.updated_at 
FROM subscriptions 
WHERE subscriptions.practice_id = $1::UUID AND subscriptions.status IN ($2::subscriptionstatus, $3::subscriptionstatus) ORDER BY subscriptions.created_at DESC
2026-09-02 15:31:40,640 INFO [cached since 0.0163s ago] (UUID('4d1123f3-3ba2-42f3-b584-a5009c7b3e39'), 'ACTIVE', 'TRIAL')
2026-09-02 15:31:40,643 INFO COMMIT
2026-09-02 15:31:40,645 INFO GET /api/v1/practice/me 200 394.32ms
2026-09-02 15:47:24,214 INFO OPTIONS /api/v1/practice/me 200 1.23ms
2026-09-02 15:47:24,215 ERROR Exception in callback _ProactorBasePipeTransport._call_connection_lost()
handle: <Handle _ProactorBasePipeTransport._call_connection_lost()>
Traceback (most recent call last):
  File "C:\Python314\Lib\asyncio\events.py", line 94, in _run
    self._context.run(self._callback, *self._args)
    ~~~~~~~~~~~~~~~~~^^^^^^^^^^^^^^^^^^^^^^^^^^^^^
  File "C:\Python314\Lib\asyncio\proactor_events.py", line 165, in _call_connection_lost
    self._sock.shutdown(socket.SHUT_RDWR)
    ~~~~~~~~~~~~~~~~~~~^^^^^^^^^^^^^^^^^^
ConnectionResetError: [WinError 10054] An existing connection was forcibly closed by the remote host
2026-09-02 15:47:26,525 INFO BEGIN (implicit)
2026-09-02 15:47:26,529 INFO SELECT users.id, users.practice_id, users.clerk_id, users.email, users.name, users.role, users.phone, users.is_active, users.permissions, users.is_platform_admin, users.created_at, users.updated_at 
FROM users 
WHERE users.clerk_id = $1::VARCHAR
2026-09-02 15:47:26,531 INFO [cached since 946.3s ago] ('user_3IJjXjFLcG4qaagJWxQnHqHoXEr',)
2026-09-02 15:47:26,539 INFO SELECT practices.id, practices.name, practices.email, practices.phone, practices.address, practices.timezone, practices.settings, practices.created_at, practices.updated_at 
FROM practices 
WHERE practices.id = $1::UUID
2026-09-02 15:47:26,541 INFO [cached since 945.9s ago] (UUID('4d1123f3-3ba2-42f3-b584-a5009c7b3e39'),)
2026-09-02 15:47:26,555 INFO SELECT subscriptions.id, subscriptions.practice_id, subscriptions.stripe_subscription_id, subscriptions.tier, subscriptions.status, subscriptions.price, subscriptions.start_date, subscriptions.end_date, subscriptions.auto_renew, subscriptions.created_at, subscriptions.updated_at 
FROM subscriptions 
WHERE subscriptions.practice_id = $1::UUID AND subscriptions.status IN ($2::subscriptionstatus, $3::subscriptionstatus) ORDER BY subscriptions.created_at DESC
2026-09-02 15:47:26,556 INFO [cached since 945.9s ago] (UUID('4d1123f3-3ba2-42f3-b584-a5009c7b3e39'), 'ACTIVE', 'TRIAL')
2026-09-02 15:47:26,570 INFO SELECT subscriptions.id, subscriptions.practice_id, subscriptions.stripe_subscription_id, subscriptions.tier, subscriptions.status, subscriptions.price, subscriptions.start_date, subscriptions.end_date, subscriptions.auto_renew, subscriptions.created_at, subscriptions.updated_at 
FROM subscriptions 
WHERE subscriptions.practice_id = $1::UUID AND subscriptions.status IN ($2::subscriptionstatus, $3::subscriptionstatus) ORDER BY subscriptions.created_at DESC
2026-09-02 15:47:26,571 INFO [cached since 945.9s ago] (UUID('4d1123f3-3ba2-42f3-b584-a5009c7b3e39'), 'ACTIVE', 'TRIAL')
2026-09-02 15:47:26,573 INFO COMMIT
2026-09-02 15:47:26,576 INFO GET /api/v1/practice/me 200 2355.55ms
2026-09-02 15:47:26,730 INFO OPTIONS /api/v1/patients 200 0.74ms
2026-09-02 15:47:27,271 INFO BEGIN (implicit)
2026-09-02 15:47:27,274 INFO SELECT users.id, users.practice_id, users.clerk_id, users.email, users.name, users.role, users.phone, users.is_active, users.permissions, users.is_platform_admin, users.created_at, users.updated_at 
FROM users 
WHERE users.clerk_id = $1::VARCHAR
2026-09-02 15:47:27,277 INFO [cached since 947s ago] ('user_3IJjXjFLcG4qaagJWxQnHqHoXEr',)
2026-09-02 15:47:27,390 INFO BEGIN (implicit)
2026-09-02 15:47:27,392 INFO SELECT users.id, users.practice_id, users.clerk_id, users.email, users.name, users.role, users.phone, users.is_active, users.permissions, users.is_platform_admin, users.created_at, users.updated_at 
FROM users 
WHERE users.clerk_id = $1::VARCHAR
2026-09-02 15:47:27,394 INFO [cached since 947.1s ago] ('user_3IJjXjFLcG4qaagJWxQnHqHoXEr',)
2026-09-02 15:47:27,399 INFO SELECT practices.id, practices.name, practices.email, practices.phone, practices.address, practices.timezone, practices.settings, practices.created_at, practices.updated_at 
FROM practices 
WHERE practices.id = $1::UUID
2026-09-02 15:47:27,402 INFO [cached since 946.8s ago] (UUID('4d1123f3-3ba2-42f3-b584-a5009c7b3e39'),)
2026-09-02 15:47:27,409 INFO SELECT subscriptions.id, subscriptions.practice_id, subscriptions.stripe_subscription_id, subscriptions.tier, subscriptions.status, subscriptions.price, subscriptions.start_date, subscriptions.end_date, subscriptions.auto_renew, subscriptions.created_at, subscriptions.updated_at 
FROM subscriptions 
WHERE subscriptions.practice_id = $1::UUID AND subscriptions.status IN ($2::subscriptionstatus, $3::subscriptionstatus) ORDER BY subscriptions.created_at DESC
2026-09-02 15:47:27,410 INFO [cached since 946.8s ago] (UUID('4d1123f3-3ba2-42f3-b584-a5009c7b3e39'), 'ACTIVE', 'TRIAL')
2026-09-02 15:47:27,416 INFO SELECT patients.id, patients.practice_id, patients.first_name, patients.last_name, patients.email, patients.phone, patients.date_of_birth, patients.medical_history, patients.consent_status, patients.plan_type, patients.chief_complaint, patients.needs_surgery, patients.ai_agent_assigned, patients.agent_status, patients.agent_cost, patients.lifecycle_stage, patients.lost_reason, patients.source, patients.portal_token, patients.portal_enabled, patients.created_at, patients.updated_at 
FROM patients 
WHERE patients.practice_id = $1::UUID ORDER BY patients.created_at DESC
2026-09-02 15:47:27,418 INFO [cached since 946.9s ago] (UUID('4d1123f3-3ba2-42f3-b584-a5009c7b3e39'),)
2026-09-02 15:47:27,423 INFO SELECT subscriptions.id, subscriptions.practice_id, subscriptions.stripe_subscription_id, subscriptions.tier, subscriptions.status, subscriptions.price, subscriptions.start_date, subscriptions.end_date, subscriptions.auto_renew, subscriptions.created_at, subscriptions.updated_at 
FROM subscriptions 
WHERE subscriptions.practice_id = $1::UUID AND subscriptions.status IN ($2::subscriptionstatus, $3::subscriptionstatus) ORDER BY subscriptions.created_at DESC
2026-09-02 15:47:27,425 INFO [cached since 946.8s ago] (UUID('4d1123f3-3ba2-42f3-b584-a5009c7b3e39'), 'ACTIVE', 'TRIAL')
2026-09-02 15:47:27,430 INFO SELECT DISTINCT appointments.patient_id 
FROM appointments 
WHERE appointments.practice_id = $1::UUID AND appointments.patient_id IN ($4::UUID, $5::UUID) AND appointments.start_time >= $2::TIMESTAMP WITH TIME ZONE AND appointments.status != $3::appointmentstatus
2026-09-02 15:47:27,432 INFO [cached since 946.9s ago] (UUID('4d1123f3-3ba2-42f3-b584-a5009c7b3e39'), datetime.datetime(2026, 9, 2, 10, 47, 27, 428508, tzinfo=datetime.timezone.utc), 'CANCELLED', UUID('3e6dd1dd-e2aa-46ae-bae4-b64c75f7bafe'), UUID('c4a9ef0d-7c8d-4da9-aaf7-e9e94a6fdc44'))
2026-09-02 15:47:27,435 INFO COMMIT
2026-09-02 15:47:27,438 INFO SELECT DISTINCT appointments.patient_id 
FROM appointments 
WHERE appointments.practice_id = $1::UUID AND appointments.patient_id IN ($3::UUID, $4::UUID) AND appointments.status = $2::appointmentstatus
2026-09-02 15:47:27,439 INFO [cached since 946.9s ago] (UUID('4d1123f3-3ba2-42f3-b584-a5009c7b3e39'), 'COMPLETED', UUID('3e6dd1dd-e2aa-46ae-bae4-b64c75f7bafe'), UUID('c4a9ef0d-7c8d-4da9-aaf7-e9e94a6fdc44'))
2026-09-02 15:47:27,442 INFO COMMIT
2026-09-02 15:47:27,445 INFO GET /api/v1/practice/me 200 710.32ms
2026-09-02 15:47:27,447 INFO GET /api/v1/patients 200 162.79ms
2026-09-02 15:47:39,674 INFO BEGIN (implicit)
2026-09-02 15:47:39,675 INFO SELECT users.id, users.practice_id, users.clerk_id, users.email, users.name, users.role, users.phone, users.is_active, users.permissions, users.is_platform_admin, users.created_at, users.updated_at 
FROM users 
WHERE users.clerk_id = $1::VARCHAR
2026-09-02 15:47:39,676 INFO [cached since 959.4s ago] ('user_3IJjXjFLcG4qaagJWxQnHqHoXEr',)
2026-09-02 15:47:39,678 INFO SELECT patients.id, patients.practice_id, patients.first_name, patients.last_name, patients.email, patients.phone, patients.date_of_birth, patients.medical_history, patients.consent_status, patients.plan_type, patients.chief_complaint, patients.needs_surgery, patients.ai_agent_assigned, patients.agent_status, patients.agent_cost, patients.lifecycle_stage, patients.lost_reason, patients.source, patients.portal_token, patients.portal_enabled, patients.created_at, patients.updated_at 
FROM patients 
WHERE patients.practice_id = $1::UUID ORDER BY patients.created_at DESC
2026-09-02 15:47:39,679 INFO [cached since 959.1s ago] (UUID('4d1123f3-3ba2-42f3-b584-a5009c7b3e39'),)
2026-09-02 15:47:39,697 INFO SELECT DISTINCT appointments.patient_id 
FROM appointments 
WHERE appointments.practice_id = $1::UUID AND appointments.patient_id IN ($4::UUID, $5::UUID) AND appointments.start_time >= $2::TIMESTAMP WITH TIME ZONE AND appointments.status != $3::appointmentstatus
2026-09-02 15:47:39,698 INFO [cached since 959.1s ago] (UUID('4d1123f3-3ba2-42f3-b584-a5009c7b3e39'), datetime.datetime(2026, 9, 2, 10, 47, 39, 696827, tzinfo=datetime.timezone.utc), 'CANCELLED', UUID('3e6dd1dd-e2aa-46ae-bae4-b64c75f7bafe'), UUID('c4a9ef0d-7c8d-4da9-aaf7-e9e94a6fdc44'))
2026-09-02 15:47:39,714 INFO SELECT DISTINCT appointments.patient_id 
FROM appointments 
WHERE appointments.practice_id = $1::UUID AND appointments.patient_id IN ($3::UUID, $4::UUID) AND appointments.status = $2::appointmentstatus
2026-09-02 15:47:39,714 INFO [cached since 959.1s ago] (UUID('4d1123f3-3ba2-42f3-b584-a5009c7b3e39'), 'COMPLETED', UUID('3e6dd1dd-e2aa-46ae-bae4-b64c75f7bafe'), UUID('c4a9ef0d-7c8d-4da9-aaf7-e9e94a6fdc44'))
2026-09-02 15:47:39,717 INFO COMMIT
2026-09-02 15:47:39,720 INFO GET /api/v1/patients 200 149.82ms
2026-09-02 15:47:40,883 INFO OPTIONS /api/v1/staff-messages/threads 200 1.50ms
2026-09-02 15:47:40,970 INFO BEGIN (implicit)
2026-09-02 15:47:40,971 INFO SELECT users.id, users.practice_id, users.clerk_id, users.email, users.name, users.role, users.phone, users.is_active, users.permissions, users.is_platform_admin, users.created_at, users.updated_at 
FROM users 
WHERE users.clerk_id = $1::VARCHAR
2026-09-02 15:47:40,972 INFO [cached since 960.7s ago] ('user_3IJjXjFLcG4qaagJWxQnHqHoXEr',)
2026-09-02 15:47:40,977 INFO SELECT users.id, users.practice_id, users.clerk_id, users.email, users.name, users.role, users.phone, users.is_active, users.permissions, users.is_platform_admin, users.created_at, users.updated_at 
FROM users 
WHERE users.practice_id = $1::UUID AND users.role != $2::userrole AND users.is_active = true
2026-09-02 15:47:40,977 INFO [generated in 0.00060s] (UUID('4d1123f3-3ba2-42f3-b584-a5009c7b3e39'), 'OWNER')
2026-09-02 15:47:40,979 INFO COMMIT
2026-09-02 15:47:40,981 INFO GET /api/v1/staff-messages/threads 200 93.83ms
2026-09-02 15:47:48,349 INFO BEGIN (implicit)
2026-09-02 15:47:48,353 INFO SELECT users.id, users.practice_id, users.clerk_id, users.email, users.name, users.role, users.phone, users.is_active, users.permissions, users.is_platform_admin, users.created_at, users.updated_at 
FROM users 
WHERE users.clerk_id = $1::VARCHAR
2026-09-02 15:47:48,356 INFO [cached since 968.1s ago] ('user_3IJjXjFLcG4qaagJWxQnHqHoXEr',)
2026-09-02 15:47:48,363 INFO SELECT patients.id, patients.practice_id, patients.first_name, patients.last_name, patients.email, patients.phone, patients.date_of_birth, patients.medical_history, patients.consent_status, patients.plan_type, patients.chief_complaint, patients.needs_surgery, patients.ai_agent_assigned, patients.agent_status, patients.agent_cost, patients.lifecycle_stage, patients.lost_reason, patients.source, patients.portal_token, patients.portal_enabled, patients.created_at, patients.updated_at 
FROM patients 
WHERE patients.practice_id = $1::UUID ORDER BY patients.created_at DESC
2026-09-02 15:47:48,366 INFO [cached since 967.8s ago] (UUID('4d1123f3-3ba2-42f3-b584-a5009c7b3e39'),)
2026-09-02 15:47:48,373 INFO SELECT DISTINCT appointments.patient_id 
FROM appointments 
WHERE appointments.practice_id = $1::UUID AND appointments.patient_id IN ($4::UUID, $5::UUID) AND appointments.start_time >= $2::TIMESTAMP WITH TIME ZONE AND appointments.status != $3::appointmentstatus
2026-09-02 15:47:48,375 INFO [cached since 967.8s ago] (UUID('4d1123f3-3ba2-42f3-b584-a5009c7b3e39'), datetime.datetime(2026, 9, 2, 10, 47, 48, 372166, tzinfo=datetime.timezone.utc), 'CANCELLED', UUID('3e6dd1dd-e2aa-46ae-bae4-b64c75f7bafe'), UUID('c4a9ef0d-7c8d-4da9-aaf7-e9e94a6fdc44'))
2026-09-02 15:47:48,379 INFO SELECT DISTINCT appointments.patient_id 
FROM appointments 
WHERE appointments.practice_id = $1::UUID AND appointments.patient_id IN ($3::UUID, $4::UUID) AND appointments.status = $2::appointmentstatus
2026-09-02 15:47:48,381 INFO [cached since 967.8s ago] (UUID('4d1123f3-3ba2-42f3-b584-a5009c7b3e39'), 'COMPLETED', UUID('3e6dd1dd-e2aa-46ae-bae4-b64c75f7bafe'), UUID('c4a9ef0d-7c8d-4da9-aaf7-e9e94a6fdc44'))
2026-09-02 15:47:48,384 INFO COMMIT
2026-09-02 15:47:48,386 INFO GET /api/v1/patients 200 428.59ms
2026-09-02 15:47:49,158 INFO BEGIN (implicit)
2026-09-02 15:47:49,160 INFO SELECT users.id, users.practice_id, users.clerk_id, users.email, users.name, users.role, users.phone, users.is_active, users.permissions, users.is_platform_admin, users.created_at, users.updated_at 
FROM users 
WHERE users.clerk_id = $1::VARCHAR
2026-09-02 15:47:49,161 INFO [cached since 968.9s ago] ('user_3IJjXjFLcG4qaagJWxQnHqHoXEr',)
2026-09-02 15:47:49,164 INFO SELECT users.id, users.practice_id, users.clerk_id, users.email, users.name, users.role, users.phone, users.is_active, users.permissions, users.is_platform_admin, users.created_at, users.updated_at 
FROM users 
WHERE users.practice_id = $1::UUID AND users.role != $2::userrole AND users.is_active = true
2026-09-02 15:47:49,165 INFO [cached since 8.189s ago] (UUID('4d1123f3-3ba2-42f3-b584-a5009c7b3e39'), 'OWNER')
2026-09-02 15:47:49,167 INFO COMMIT
2026-09-02 15:47:49,170 INFO GET /api/v1/staff-messages/threads 200 85.07ms
2026-09-02 15:58:46,420 INFO OPTIONS /api/v1/patients 200 1.51ms
2026-09-02 15:58:48,593 INFO BEGIN (implicit)
2026-09-02 15:58:48,595 INFO SELECT users.id, users.practice_id, users.clerk_id, users.email, users.name, users.role, users.phone, users.is_active, users.permissions, users.is_platform_admin, users.created_at, users.updated_at 
FROM users 
WHERE users.clerk_id = $1::VARCHAR
2026-09-02 15:58:48,596 INFO [cached since 1628s ago] ('user_3IJjXjFLcG4qaagJWxQnHqHoXEr',)
2026-09-02 15:58:48,599 INFO SELECT patients.id, patients.practice_id, patients.first_name, patients.last_name, patients.email, patients.phone, patients.date_of_birth, patients.medical_history, patients.consent_status, patients.plan_type, patients.chief_complaint, patients.needs_surgery, patients.ai_agent_assigned, patients.agent_status, patients.agent_cost, patients.lifecycle_stage, patients.lost_reason, patients.source, patients.portal_token, patients.portal_enabled, patients.created_at, patients.updated_at 
FROM patients 
WHERE patients.practice_id = $1::UUID ORDER BY patients.created_at DESC
2026-09-02 15:58:48,601 INFO [cached since 1628s ago] (UUID('4d1123f3-3ba2-42f3-b584-a5009c7b3e39'),)
2026-09-02 15:58:48,603 INFO SELECT DISTINCT appointments.patient_id 
FROM appointments 
WHERE appointments.practice_id = $1::UUID AND appointments.patient_id IN ($4::UUID, $5::UUID) AND appointments.start_time >= $2::TIMESTAMP WITH TIME ZONE AND appointments.status != $3::appointmentstatus
2026-09-02 15:58:48,605 INFO [cached since 1628s ago] (UUID('4d1123f3-3ba2-42f3-b584-a5009c7b3e39'), datetime.datetime(2026, 9, 2, 10, 58, 48, 603119, tzinfo=datetime.timezone.utc), 'CANCELLED', UUID('3e6dd1dd-e2aa-46ae-bae4-b64c75f7bafe'), UUID('c4a9ef0d-7c8d-4da9-aaf7-e9e94a6fdc44'))
2026-09-02 15:58:48,609 INFO SELECT DISTINCT appointments.patient_id 
FROM appointments 
WHERE appointments.practice_id = $1::UUID AND appointments.patient_id IN ($3::UUID, $4::UUID) AND appointments.status = $2::appointmentstatus
2026-09-02 15:58:48,610 INFO [cached since 1628s ago] (UUID('4d1123f3-3ba2-42f3-b584-a5009c7b3e39'), 'COMPLETED', UUID('3e6dd1dd-e2aa-46ae-bae4-b64c75f7bafe'), UUID('c4a9ef0d-7c8d-4da9-aaf7-e9e94a6fdc44'))
2026-09-02 15:58:48,612 INFO COMMIT
2026-09-02 15:58:48,615 INFO GET /api/v1/patients 200 2189.91ms
2026-09-02 15:58:50,634 INFO OPTIONS /api/v1/practice/doctor-signup-code 200 1.09ms
2026-09-02 15:58:50,636 INFO OPTIONS /api/v1/doctors 200 1.09ms
2026-09-02 15:58:51,147 INFO BEGIN (implicit)
2026-09-02 15:58:51,151 INFO SELECT users.id, users.practice_id, users.clerk_id, users.email, users.name, users.role, users.phone, users.is_active, users.permissions, users.is_platform_admin, users.created_at, users.updated_at 
FROM users 
WHERE users.clerk_id = $1::VARCHAR
2026-09-02 15:58:51,154 INFO [cached since 1631s ago] ('user_3IJjXjFLcG4qaagJWxQnHqHoXEr',)
2026-09-02 15:58:51,559 INFO BEGIN (implicit)
2026-09-02 15:58:51,563 INFO SELECT users.id, users.practice_id, users.clerk_id, users.email, users.name, users.role, users.phone, users.is_active, users.permissions, users.is_platform_admin, users.created_at, users.updated_at 
FROM users 
WHERE users.clerk_id = $1::VARCHAR
2026-09-02 15:58:51,566 INFO [cached since 1631s ago] ('user_3IJjXjFLcG4qaagJWxQnHqHoXEr',)
2026-09-02 15:58:51,593 INFO SELECT doctors.id, doctors.practice_id, doctors.user_id, doctors.name, doctors.email, doctors.phone, doctors.specialty, doctors.license_number, doctors.bio, doctors.photo_url, doctors.capabilities, doctors.permissions, doctors.is_active, doctors.created_at, doctors.updated_at 
FROM doctors 
WHERE doctors.practice_id = $1::UUID ORDER BY doctors.created_at DESC
2026-09-02 15:58:51,594 INFO [generated in 0.00183s] (UUID('4d1123f3-3ba2-42f3-b584-a5009c7b3e39'),)
2026-09-02 15:58:51,600 INFO SELECT practices.id, practices.name, practices.email, practices.phone, practices.address, practices.timezone, practices.settings, practices.created_at, practices.updated_at 
FROM practices 
WHERE practices.id = $1::UUID
2026-09-02 15:58:51,601 INFO [cached since 1631s ago] (UUID('4d1123f3-3ba2-42f3-b584-a5009c7b3e39'),)
2026-09-02 15:58:51,604 INFO SELECT subscriptions.id, subscriptions.practice_id, subscriptions.stripe_subscription_id, subscriptions.tier, subscriptions.status, subscriptions.price, subscriptions.start_date, subscriptions.end_date, subscriptions.auto_renew, subscriptions.created_at, subscriptions.updated_at 
FROM subscriptions 
WHERE subscriptions.practice_id = $1::UUID AND subscriptions.status IN ($2::subscriptionstatus, $3::subscriptionstatus) ORDER BY subscriptions.created_at DESC
2026-09-02 15:58:51,605 INFO [cached since 1631s ago] (UUID('4d1123f3-3ba2-42f3-b584-a5009c7b3e39'), 'ACTIVE', 'TRIAL')
2026-09-02 15:58:51,612 INFO COMMIT
2026-09-02 15:58:51,615 INFO GET /api/v1/practice/doctor-signup-code 200 976.03ms
2026-09-02 15:58:51,623 INFO COMMIT
2026-09-02 15:58:51,626 INFO GET /api/v1/doctors 200 467.66ms
2026-09-02 15:58:53,287 INFO OPTIONS /api/v1/ai-receptionist/overview 200 2.53ms
2026-09-02 15:58:53,727 INFO BEGIN (implicit)
2026-09-02 15:58:53,730 INFO SELECT users.id, users.practice_id, users.clerk_id, users.email, users.name, users.role, users.phone, users.is_active, users.permissions, users.is_platform_admin, users.created_at, users.updated_at 
FROM users 
WHERE users.clerk_id = $1::VARCHAR
2026-09-02 15:58:53,732 INFO [cached since 1633s ago] ('user_3IJjXjFLcG4qaagJWxQnHqHoXEr',)
2026-09-02 15:58:53,767 INFO SELECT agent_logs.action, count(*) AS count_1 
FROM agent_logs 
WHERE agent_logs.practice_id = $1::UUID AND agent_logs.agent_type = $2::VARCHAR GROUP BY agent_logs.action
2026-09-02 15:58:53,768 INFO [generated in 0.00055s] (UUID('4d1123f3-3ba2-42f3-b584-a5009c7b3e39'), 'ai_receptionist')
2026-09-02 15:58:53,782 INFO SELECT agent_logs.action, count(*) AS count_1 
FROM agent_logs 
WHERE agent_logs.practice_id = $1::UUID AND agent_logs.agent_type = $2::VARCHAR AND agent_logs.created_at >= $3::TIMESTAMP WITH TIME ZONE GROUP BY agent_logs.action
2026-09-02 15:58:53,783 INFO [generated in 0.00057s] (UUID('4d1123f3-3ba2-42f3-b584-a5009c7b3e39'), 'ai_receptionist', datetime.datetime(2026, 8, 3, 10, 58, 53, 739922, tzinfo=datetime.timezone.utc))
2026-09-02 15:58:53,787 INFO SELECT agent_costing.id, agent_costing.agent_slug, agent_costing.cost_per_session, agent_costing.is_active, agent_costing.total_sessions, agent_costing.total_earned, agent_costing.created_at, agent_costing.updated_at 
FROM agent_costing
2026-09-02 15:58:53,787 INFO [generated in 0.00052s] ()
2026-09-02 15:58:53,801 INFO COMMIT
2026-09-02 15:58:53,803 INFO GET /api/v1/ai-receptionist/overview 200 511.99ms
2026-09-02 15:58:54,373 INFO BEGIN (implicit)
2026-09-02 15:58:54,379 INFO SELECT users.id, users.practice_id, users.clerk_id, users.email, users.name, users.role, users.phone, users.is_active, users.permissions, users.is_platform_admin, users.created_at, users.updated_at 
FROM users 
WHERE users.clerk_id = $1::VARCHAR
2026-09-02 15:58:54,381 INFO [cached since 1634s ago] ('user_3IJjXjFLcG4qaagJWxQnHqHoXEr',)
2026-09-02 15:58:54,475 INFO BEGIN (implicit)
2026-09-02 15:58:54,477 INFO SELECT users.id, users.practice_id, users.clerk_id, users.email, users.name, users.role, users.phone, users.is_active, users.permissions, users.is_platform_admin, users.created_at, users.updated_at 
FROM users 
WHERE users.clerk_id = $1::VARCHAR
2026-09-02 15:58:54,478 INFO [cached since 1634s ago] ('user_3IJjXjFLcG4qaagJWxQnHqHoXEr',)
2026-09-02 15:58:54,482 INFO SELECT practices.id, practices.name, practices.email, practices.phone, practices.address, practices.timezone, practices.settings, practices.created_at, practices.updated_at 
FROM practices 
WHERE practices.id = $1::UUID
2026-09-02 15:58:54,483 INFO [cached since 1634s ago] (UUID('4d1123f3-3ba2-42f3-b584-a5009c7b3e39'),)
2026-09-02 15:58:54,486 INFO SELECT doctors.id, doctors.practice_id, doctors.user_id, doctors.name, doctors.email, doctors.phone, doctors.specialty, doctors.license_number, doctors.bio, doctors.photo_url, doctors.capabilities, doctors.permissions, doctors.is_active, doctors.created_at, doctors.updated_at 
FROM doctors 
WHERE doctors.practice_id = $1::UUID ORDER BY doctors.created_at DESC
2026-09-02 15:58:54,487 INFO [cached since 2.894s ago] (UUID('4d1123f3-3ba2-42f3-b584-a5009c7b3e39'),)
2026-09-02 15:58:54,491 INFO SELECT subscriptions.id, subscriptions.practice_id, subscriptions.stripe_subscription_id, subscriptions.tier, subscriptions.status, subscriptions.price, subscriptions.start_date, subscriptions.end_date, subscriptions.auto_renew, subscriptions.created_at, subscriptions.updated_at 
FROM subscriptions 
WHERE subscriptions.practice_id = $1::UUID AND subscriptions.status IN ($2::subscriptionstatus, $3::subscriptionstatus) ORDER BY subscriptions.created_at DESC
2026-09-02 15:58:54,493 INFO [cached since 1634s ago] (UUID('4d1123f3-3ba2-42f3-b584-a5009c7b3e39'), 'ACTIVE', 'TRIAL')
2026-09-02 15:58:54,497 INFO COMMIT
2026-09-02 15:58:54,500 INFO GET /api/v1/practice/doctor-signup-code 200 213.91ms
2026-09-02 15:58:54,503 INFO COMMIT
2026-09-02 15:58:54,506 INFO GET /api/v1/doctors 200 121.66ms
2026-09-02 15:58:55,863 INFO BEGIN (implicit)
2026-09-02 15:58:55,864 INFO SELECT users.id, users.practice_id, users.clerk_id, users.email, users.name, users.role, users.phone, users.is_active, users.permissions, users.is_platform_admin, users.created_at, users.updated_at 
FROM users 
WHERE users.clerk_id = $1::VARCHAR
2026-09-02 15:58:55,865 INFO [cached since 1636s ago] ('user_3IJjXjFLcG4qaagJWxQnHqHoXEr',)
2026-09-02 15:58:55,868 INFO SELECT agent_logs.action, count(*) AS count_1 
FROM agent_logs 
WHERE agent_logs.practice_id = $1::UUID AND agent_logs.agent_type = $2::VARCHAR GROUP BY agent_logs.action
2026-09-02 15:58:55,869 INFO [cached since 2.101s ago] (UUID('4d1123f3-3ba2-42f3-b584-a5009c7b3e39'), 'ai_receptionist')
2026-09-02 15:58:55,875 INFO SELECT agent_logs.action, count(*) AS count_1 
FROM agent_logs 
WHERE agent_logs.practice_id = $1::UUID AND agent_logs.agent_type = $2::VARCHAR AND agent_logs.created_at >= $3::TIMESTAMP WITH TIME ZONE GROUP BY agent_logs.action
2026-09-02 15:58:55,877 INFO [cached since 2.095s ago] (UUID('4d1123f3-3ba2-42f3-b584-a5009c7b3e39'), 'ai_receptionist', datetime.datetime(2026, 8, 3, 10, 58, 55, 867592, tzinfo=datetime.timezone.utc))
2026-09-02 15:58:55,880 INFO SELECT agent_costing.id, agent_costing.agent_slug, agent_costing.cost_per_session, agent_costing.is_active, agent_costing.total_sessions, agent_costing.total_earned, agent_costing.created_at, agent_costing.updated_at 
FROM agent_costing
2026-09-02 15:58:55,881 INFO [cached since 2.094s ago] ()
2026-09-02 15:58:55,887 INFO COMMIT
2026-09-02 15:58:55,889 INFO GET /api/v1/ai-receptionist/overview 200 96.05ms
2026-09-02 15:59:00,599 INFO OPTIONS /api/v1/attendance/me 200 0.85ms
2026-09-02 15:59:00,602 INFO OPTIONS /api/v1/appointments 200 0.88ms
2026-09-02 15:59:00,991 INFO BEGIN (implicit)
2026-09-02 15:59:00,992 INFO SELECT users.id, users.practice_id, users.clerk_id, users.email, users.name, users.role, users.phone, users.is_active, users.permissions, users.is_platform_admin, users.created_at, users.updated_at 
FROM users 
WHERE users.clerk_id = $1::VARCHAR
2026-09-02 15:59:00,993 INFO [cached since 1641s ago] ('user_3IJjXjFLcG4qaagJWxQnHqHoXEr',)
2026-09-02 15:59:01,367 INFO BEGIN (implicit)
2026-09-02 15:59:01,368 INFO SELECT users.id, users.practice_id, users.clerk_id, users.email, users.name, users.role, users.phone, users.is_active, users.permissions, users.is_platform_admin, users.created_at, users.updated_at 
FROM users 
WHERE users.clerk_id = $1::VARCHAR
2026-09-02 15:59:01,369 INFO [cached since 1641s ago] ('user_3IJjXjFLcG4qaagJWxQnHqHoXEr',)
2026-09-02 15:59:01,802 INFO SELECT patients.id, patients.practice_id, patients.first_name, patients.last_name, patients.email, patients.phone, patients.date_of_birth, patients.medical_history, patients.consent_status, patients.plan_type, patients.chief_complaint, patients.needs_surgery, patients.ai_agent_assigned, patients.agent_status, patients.agent_cost, patients.lifecycle_stage, patients.lost_reason, patients.source, patients.portal_token, patients.portal_enabled, patients.created_at, patients.updated_at 
FROM patients 
WHERE patients.practice_id = $1::UUID ORDER BY patients.created_at DESC
2026-09-02 15:59:01,803 INFO [cached since 1641s ago] (UUID('4d1123f3-3ba2-42f3-b584-a5009c7b3e39'),)
2026-09-02 15:59:02,340 INFO SELECT doctors.id, doctors.practice_id, doctors.user_id, doctors.name, doctors.email, doctors.phone, doctors.specialty, doctors.license_number, doctors.bio, doctors.photo_url, doctors.capabilities, doctors.permissions, doctors.is_active, doctors.created_at, doctors.updated_at 
FROM doctors 
WHERE doctors.practice_id = $1::UUID ORDER BY doctors.created_at DESC
2026-09-02 15:59:02,341 INFO [cached since 10.75s ago] (UUID('4d1123f3-3ba2-42f3-b584-a5009c7b3e39'),)
2026-09-02 15:59:02,345 INFO SELECT DISTINCT appointments.patient_id 
FROM appointments 
WHERE appointments.practice_id = $1::UUID AND appointments.patient_id IN ($4::UUID, $5::UUID) AND appointments.start_time >= $2::TIMESTAMP WITH TIME ZONE AND appointments.status != $3::appointmentstatus
2026-09-02 15:59:02,346 INFO [cached since 1642s ago] (UUID('4d1123f3-3ba2-42f3-b584-a5009c7b3e39'), datetime.datetime(2026, 9, 2, 10, 59, 2, 344556, tzinfo=datetime.timezone.utc), 'CANCELLED', UUID('3e6dd1dd-e2aa-46ae-bae4-b64c75f7bafe'), UUID('c4a9ef0d-7c8d-4da9-aaf7-e9e94a6fdc44'))
2026-09-02 15:59:02,348 INFO COMMIT
2026-09-02 15:59:02,351 INFO SELECT DISTINCT appointments.patient_id 
FROM appointments 
WHERE appointments.practice_id = $1::UUID AND appointments.patient_id IN ($3::UUID, $4::UUID) AND appointments.status = $2::appointmentstatus
2026-09-02 15:59:02,352 INFO [cached since 1642s ago] (UUID('4d1123f3-3ba2-42f3-b584-a5009c7b3e39'), 'COMPLETED', UUID('3e6dd1dd-e2aa-46ae-bae4-b64c75f7bafe'), UUID('c4a9ef0d-7c8d-4da9-aaf7-e9e94a6fdc44'))
2026-09-02 15:59:02,355 INFO COMMIT
2026-09-02 15:59:02,356 INFO GET /api/v1/doctors 200 1362.44ms
2026-09-02 15:59:02,359 INFO GET /api/v1/patients 200 1753.93ms
2026-09-02 15:59:02,420 INFO BEGIN (implicit)
2026-09-02 15:59:02,421 INFO SELECT users.id, users.practice_id, users.clerk_id, users.email, users.name, users.role, users.phone, users.is_active, users.permissions, users.is_platform_admin, users.created_at, users.updated_at 
FROM users 
WHERE users.clerk_id = $1::VARCHAR
2026-09-02 15:59:02,421 INFO [cached since 1642s ago] ('user_3IJjXjFLcG4qaagJWxQnHqHoXEr',)
2026-09-02 15:59:02,434 INFO BEGIN (implicit)
2026-09-02 15:59:02,435 INFO SELECT users.id, users.practice_id, users.clerk_id, users.email, users.name, users.role, users.phone, users.is_active, users.permissions, users.is_platform_admin, users.created_at, users.updated_at 
FROM users 
WHERE users.clerk_id = $1::VARCHAR
2026-09-02 15:59:02,436 INFO [cached since 1642s ago] ('user_3IJjXjFLcG4qaagJWxQnHqHoXEr',)
2026-09-02 15:59:02,468 INFO SELECT attendance_records.id, attendance_records.practice_id, attendance_records.user_id, attendance_records.doctor_id, attendance_records.check_in_at, attendance_records.check_out_at 
FROM attendance_records 
WHERE attendance_records.practice_id = $1::UUID AND attendance_records.user_id = $2::UUID ORDER BY attendance_records.check_in_at DESC 
 LIMIT $3::INTEGER
2026-09-02 15:59:02,469 INFO [generated in 0.00078s] (UUID('4d1123f3-3ba2-42f3-b584-a5009c7b3e39'), UUID('7a8e4484-f378-4080-bd7f-e1a399b2254e'), 30)
2026-09-02 15:59:02,493 INFO SELECT appointments.id, appointments.practice_id, appointments.patient_id, appointments.doctor_id, appointments.appointment_type, appointments.status, appointments.start_time, appointments.end_time, appointments.checked_in_at, appointments.notes, appointments.created_at, appointments.updated_at, patients.id AS id_1, patients.practice_id AS practice_id_1, patients.first_name, patients.last_name, patients.email, patients.phone, patients.date_of_birth, patients.medical_history, patients.consent_status, patients.plan_type, patients.chief_complaint, patients.needs_surgery, patients.ai_agent_assigned, patients.agent_status, patients.agent_cost, patients.lifecycle_stage, patients.lost_reason, patients.source, patients.portal_token, patients.portal_enabled, patients.created_at AS created_at_1, patients.updated_at AS updated_at_1 
FROM appointments JOIN patients ON patients.id = appointments.patient_id 
WHERE appointments.practice_id = $1::UUID ORDER BY appointments.start_time
2026-09-02 15:59:02,493 INFO [generated in 0.00060s] (UUID('4d1123f3-3ba2-42f3-b584-a5009c7b3e39'),)
2026-09-02 15:59:02,496 INFO COMMIT
2026-09-02 15:59:02,499 INFO GET /api/v1/attendance/me 200 1128.21ms
2026-09-02 15:59:02,523 INFO COMMIT
2026-09-02 15:59:02,526 INFO GET /api/v1/appointments 200 721.69ms
2026-09-02 15:59:11,162 INFO BEGIN (implicit)
2026-09-02 15:59:11,164 INFO SELECT users.id, users.practice_id, users.clerk_id, users.email, users.name, users.role, users.phone, users.is_active, users.permissions, users.is_platform_admin, users.created_at, users.updated_at 
FROM users 
WHERE users.clerk_id = $1::VARCHAR
2026-09-02 15:59:11,165 INFO [cached since 1651s ago] ('user_3IJjXjFLcG4qaagJWxQnHqHoXEr',)
2026-09-02 15:59:11,218 INFO BEGIN (implicit)
2026-09-02 15:59:11,219 INFO SELECT users.id, users.practice_id, users.clerk_id, users.email, users.name, users.role, users.phone, users.is_active, users.permissions, users.is_platform_admin, users.created_at, users.updated_at 
FROM users 
WHERE users.clerk_id = $1::VARCHAR
2026-09-02 15:59:11,220 INFO [cached since 1651s ago] ('user_3IJjXjFLcG4qaagJWxQnHqHoXEr',)
2026-09-02 15:59:11,619 INFO BEGIN (implicit)
2026-09-02 15:59:11,621 INFO SELECT users.id, users.practice_id, users.clerk_id, users.email, users.name, users.role, users.phone, users.is_active, users.permissions, users.is_platform_admin, users.created_at, users.updated_at 
FROM users 
WHERE users.clerk_id = $1::VARCHAR
2026-09-02 15:59:11,623 INFO [cached since 1651s ago] ('user_3IJjXjFLcG4qaagJWxQnHqHoXEr',)
2026-09-02 15:59:11,627 INFO SELECT patients.id, patients.practice_id, patients.first_name, patients.last_name, patients.email, patients.phone, patients.date_of_birth, patients.medical_history, patients.consent_status, patients.plan_type, patients.chief_complaint, patients.needs_surgery, patients.ai_agent_assigned, patients.agent_status, patients.agent_cost, patients.lifecycle_stage, patients.lost_reason, patients.source, patients.portal_token, patients.portal_enabled, patients.created_at, patients.updated_at 
FROM patients 
WHERE patients.practice_id = $1::UUID ORDER BY patients.created_at DESC
2026-09-02 15:59:11,629 INFO [cached since 1651s ago] (UUID('4d1123f3-3ba2-42f3-b584-a5009c7b3e39'),)
2026-09-02 15:59:11,631 INFO SELECT doctors.id, doctors.practice_id, doctors.user_id, doctors.name, doctors.email, doctors.phone, doctors.specialty, doctors.license_number, doctors.bio, doctors.photo_url, doctors.capabilities, doctors.permissions, doctors.is_active, doctors.created_at, doctors.updated_at 
FROM doctors 
WHERE doctors.practice_id = $1::UUID ORDER BY doctors.created_at DESC
2026-09-02 15:59:11,633 INFO [cached since 20.04s ago] (UUID('4d1123f3-3ba2-42f3-b584-a5009c7b3e39'),)
2026-09-02 15:59:11,635 INFO SELECT appointments.id, appointments.practice_id, appointments.patient_id, appointments.doctor_id, appointments.appointment_type, appointments.status, appointments.start_time, appointments.end_time, appointments.checked_in_at, appointments.notes, appointments.created_at, appointments.updated_at, patients.id AS id_1, patients.practice_id AS practice_id_1, patients.first_name, patients.last_name, patients.email, patients.phone, patients.date_of_birth, patients.medical_history, patients.consent_status, patients.plan_type, patients.chief_complaint, patients.needs_surgery, patients.ai_agent_assigned, patients.agent_status, patients.agent_cost, patients.lifecycle_stage, patients.lost_reason, patients.source, patients.portal_token, patients.portal_enabled, patients.created_at AS created_at_1, patients.updated_at AS updated_at_1 
FROM appointments JOIN patients ON patients.id = appointments.patient_id 
WHERE appointments.practice_id = $1::UUID ORDER BY appointments.start_time
2026-09-02 15:59:11,636 INFO [cached since 9.144s ago] (UUID('4d1123f3-3ba2-42f3-b584-a5009c7b3e39'),)
2026-09-02 15:59:11,639 INFO SELECT DISTINCT appointments.patient_id 
FROM appointments 
WHERE appointments.practice_id = $1::UUID AND appointments.patient_id IN ($4::UUID, $5::UUID) AND appointments.start_time >= $2::TIMESTAMP WITH TIME ZONE AND appointments.status != $3::appointmentstatus
2026-09-02 15:59:11,640 INFO [cached since 1651s ago] (UUID('4d1123f3-3ba2-42f3-b584-a5009c7b3e39'), datetime.datetime(2026, 9, 2, 10, 59, 11, 638613, tzinfo=datetime.timezone.utc), 'CANCELLED', UUID('3e6dd1dd-e2aa-46ae-bae4-b64c75f7bafe'), UUID('c4a9ef0d-7c8d-4da9-aaf7-e9e94a6fdc44'))
2026-09-02 15:59:11,644 INFO COMMIT
2026-09-02 15:59:11,647 INFO SELECT DISTINCT appointments.patient_id 
FROM appointments 
WHERE appointments.practice_id = $1::UUID AND appointments.patient_id IN ($3::UUID, $4::UUID) AND appointments.status = $2::appointmentstatus
2026-09-02 15:59:11,648 INFO [cached since 1651s ago] (UUID('4d1123f3-3ba2-42f3-b584-a5009c7b3e39'), 'COMPLETED', UUID('3e6dd1dd-e2aa-46ae-bae4-b64c75f7bafe'), UUID('c4a9ef0d-7c8d-4da9-aaf7-e9e94a6fdc44'))
2026-09-02 15:59:11,651 INFO COMMIT
2026-09-02 15:59:11,652 INFO GET /api/v1/doctors 200 486.05ms
2026-09-02 15:59:11,655 INFO GET /api/v1/patients 200 1081.92ms
2026-09-02 15:59:11,670 INFO COMMIT
2026-09-02 15:59:11,673 INFO GET /api/v1/appointments 200 452.10ms
2026-09-02 15:59:14,209 INFO BEGIN (implicit)
2026-09-02 15:59:14,212 INFO SELECT users.id, users.practice_id, users.clerk_id, users.email, users.name, users.role, users.phone, users.is_active, users.permissions, users.is_platform_admin, users.created_at, users.updated_at 
FROM users 
WHERE users.clerk_id = $1::VARCHAR
2026-09-02 15:59:14,215 INFO [cached since 1654s ago] ('user_3IJjXjFLcG4qaagJWxQnHqHoXEr',)
2026-09-02 15:59:14,626 INFO BEGIN (implicit)
2026-09-02 15:59:14,630 INFO SELECT users.id, users.practice_id, users.clerk_id, users.email, users.name, users.role, users.phone, users.is_active, users.permissions, users.is_platform_admin, users.created_at, users.updated_at 
FROM users 
WHERE users.clerk_id = $1::VARCHAR
2026-09-02 15:59:14,634 INFO [cached since 1654s ago] ('user_3IJjXjFLcG4qaagJWxQnHqHoXEr',)
2026-09-02 15:59:15,041 INFO BEGIN (implicit)
2026-09-02 15:59:15,045 INFO SELECT users.id, users.practice_id, users.clerk_id, users.email, users.name, users.role, users.phone, users.is_active, users.permissions, users.is_platform_admin, users.created_at, users.updated_at 
FROM users 
WHERE users.clerk_id = $1::VARCHAR
2026-09-02 15:59:15,048 INFO [cached since 1655s ago] ('user_3IJjXjFLcG4qaagJWxQnHqHoXEr',)
2026-09-02 15:59:15,475 INFO BEGIN (implicit)
2026-09-02 15:59:15,477 INFO SELECT users.id, users.practice_id, users.clerk_id, users.email, users.name, users.role, users.phone, users.is_active, users.permissions, users.is_platform_admin, users.created_at, users.updated_at 
FROM users 
WHERE users.clerk_id = $1::VARCHAR
2026-09-02 15:59:15,479 INFO [cached since 1655s ago] ('user_3IJjXjFLcG4qaagJWxQnHqHoXEr',)
2026-09-02 15:59:15,483 INFO SELECT attendance_records.id, attendance_records.practice_id, attendance_records.user_id, attendance_records.doctor_id, attendance_records.check_in_at, attendance_records.check_out_at 
FROM attendance_records 
WHERE attendance_records.practice_id = $1::UUID AND attendance_records.user_id = $2::UUID ORDER BY attendance_records.check_in_at DESC 
 LIMIT $3::INTEGER
2026-09-02 15:59:15,485 INFO [cached since 13.02s ago] (UUID('4d1123f3-3ba2-42f3-b584-a5009c7b3e39'), UUID('7a8e4484-f378-4080-bd7f-e1a399b2254e'), 30)
2026-09-02 15:59:15,488 INFO SELECT patients.id, patients.practice_id, patients.first_name, patients.last_name, patients.email, patients.phone, patients.date_of_birth, patients.medical_history, patients.consent_status, patients.plan_type, patients.chief_complaint, patients.needs_surgery, patients.ai_agent_assigned, patients.agent_status, patients.agent_cost, patients.lifecycle_stage, patients.lost_reason, patients.source, patients.portal_token, patients.portal_enabled, patients.created_at, patients.updated_at 
FROM patients 
WHERE patients.practice_id = $1::UUID ORDER BY patients.created_at DESC
2026-09-02 15:59:15,490 INFO [cached since 1655s ago] (UUID('4d1123f3-3ba2-42f3-b584-a5009c7b3e39'),)
2026-09-02 15:59:15,494 INFO SELECT doctors.id, doctors.practice_id, doctors.user_id, doctors.name, doctors.email, doctors.phone, doctors.specialty, doctors.license_number, doctors.bio, doctors.photo_url, doctors.capabilities, doctors.permissions, doctors.is_active, doctors.created_at, doctors.updated_at 
FROM doctors 
WHERE doctors.practice_id = $1::UUID ORDER BY doctors.created_at DESC
2026-09-02 15:59:15,496 INFO [cached since 23.9s ago] (UUID('4d1123f3-3ba2-42f3-b584-a5009c7b3e39'),)
2026-09-02 15:59:15,500 INFO SELECT appointments.id, appointments.practice_id, appointments.patient_id, appointments.doctor_id, appointments.appointment_type, appointments.status, appointments.start_time, appointments.end_time, appointments.checked_in_at, appointments.notes, appointments.created_at, appointments.updated_at, patients.id AS id_1, patients.practice_id AS practice_id_1, patients.first_name, patients.last_name, patients.email, patients.phone, patients.date_of_birth, patients.medical_history, patients.consent_status, patients.plan_type, patients.chief_complaint, patients.needs_surgery, patients.ai_agent_assigned, patients.agent_status, patients.agent_cost, patients.lifecycle_stage, patients.lost_reason, patients.source, patients.portal_token, patients.portal_enabled, patients.created_at AS created_at_1, patients.updated_at AS updated_at_1 
FROM appointments JOIN patients ON patients.id = appointments.patient_id 
WHERE appointments.practice_id = $1::UUID ORDER BY appointments.start_time
2026-09-02 15:59:15,502 INFO [cached since 13.01s ago] (UUID('4d1123f3-3ba2-42f3-b584-a5009c7b3e39'),)
2026-09-02 15:59:15,507 INFO SELECT DISTINCT appointments.patient_id 
FROM appointments 
WHERE appointments.practice_id = $1::UUID AND appointments.patient_id IN ($4::UUID, $5::UUID) AND appointments.start_time >= $2::TIMESTAMP WITH TIME ZONE AND appointments.status != $3::appointmentstatus
2026-09-02 15:59:15,508 INFO [cached since 1655s ago] (UUID('4d1123f3-3ba2-42f3-b584-a5009c7b3e39'), datetime.datetime(2026, 9, 2, 10, 59, 15, 505787, tzinfo=datetime.timezone.utc), 'CANCELLED', UUID('3e6dd1dd-e2aa-46ae-bae4-b64c75f7bafe'), UUID('c4a9ef0d-7c8d-4da9-aaf7-e9e94a6fdc44'))
2026-09-02 15:59:15,511 INFO COMMIT
2026-09-02 15:59:15,514 INFO COMMIT
2026-09-02 15:59:15,516 INFO COMMIT
2026-09-02 15:59:15,519 INFO SELECT DISTINCT appointments.patient_id 
FROM appointments 
WHERE appointments.practice_id = $1::UUID AND appointments.patient_id IN ($3::UUID, $4::UUID) AND appointments.status = $2::appointmentstatus
2026-09-02 15:59:15,520 INFO [cached since 1655s ago] (UUID('4d1123f3-3ba2-42f3-b584-a5009c7b3e39'), 'COMPLETED', UUID('3e6dd1dd-e2aa-46ae-bae4-b64c75f7bafe'), UUID('c4a9ef0d-7c8d-4da9-aaf7-e9e94a6fdc44'))
2026-09-02 15:59:15,523 INFO COMMIT
2026-09-02 15:59:15,525 INFO GET /api/v1/doctors 200 886.42ms
2026-09-02 15:59:15,526 INFO GET /api/v1/attendance/me 200 2451.15ms
2026-09-02 15:59:15,528 INFO GET /api/v1/appointments 200 472.23ms
2026-09-02 15:59:15,607 INFO BEGIN (implicit)
2026-09-02 15:59:15,609 INFO SELECT users.id, users.practice_id, users.clerk_id, users.email, users.name, users.role, users.phone, users.is_active, users.permissions, users.is_platform_admin, users.created_at, users.updated_at 
FROM users 
WHERE users.clerk_id = $1::VARCHAR
2026-09-02 15:59:15,610 INFO [cached since 1655s ago] ('user_3IJjXjFLcG4qaagJWxQnHqHoXEr',)
2026-09-02 15:59:15,613 INFO GET /api/v1/patients 200 1393.33ms
2026-09-02 15:59:16,011 INFO BEGIN (implicit)
2026-09-02 15:59:16,013 INFO SELECT users.id, users.practice_id, users.clerk_id, users.email, users.name, users.role, users.phone, users.is_active, users.permissions, users.is_platform_admin, users.created_at, users.updated_at 
FROM users 
WHERE users.clerk_id = $1::VARCHAR
2026-09-02 15:59:16,013 INFO [cached since 1656s ago] ('user_3IJjXjFLcG4qaagJWxQnHqHoXEr',)
2026-09-02 15:59:16,099 INFO BEGIN (implicit)
2026-09-02 15:59:16,100 INFO SELECT users.id, users.practice_id, users.clerk_id, users.email, users.name, users.role, users.phone, users.is_active, users.permissions, users.is_platform_admin, users.created_at, users.updated_at 
FROM users 
WHERE users.clerk_id = $1::VARCHAR
2026-09-02 15:59:16,101 INFO [cached since 1656s ago] ('user_3IJjXjFLcG4qaagJWxQnHqHoXEr',)
2026-09-02 15:59:16,536 INFO BEGIN (implicit)
2026-09-02 15:59:16,539 INFO SELECT users.id, users.practice_id, users.clerk_id, users.email, users.name, users.role, users.phone, users.is_active, users.permissions, users.is_platform_admin, users.created_at, users.updated_at 
FROM users 
WHERE users.clerk_id = $1::VARCHAR
2026-09-02 15:59:16,540 INFO [cached since 1656s ago] ('user_3IJjXjFLcG4qaagJWxQnHqHoXEr',)
2026-09-02 15:59:16,544 INFO SELECT doctors.id, doctors.practice_id, doctors.user_id, doctors.name, doctors.email, doctors.phone, doctors.specialty, doctors.license_number, doctors.bio, doctors.photo_url, doctors.capabilities, doctors.permissions, doctors.is_active, doctors.created_at, doctors.updated_at 
FROM doctors 
WHERE doctors.practice_id = $1::UUID ORDER BY doctors.created_at DESC
2026-09-02 15:59:16,546 INFO [cached since 24.95s ago] (UUID('4d1123f3-3ba2-42f3-b584-a5009c7b3e39'),)
2026-09-02 15:59:16,550 INFO SELECT appointments.id, appointments.practice_id, appointments.patient_id, appointments.doctor_id, appointments.appointment_type, appointments.status, appointments.start_time, appointments.end_time, appointments.checked_in_at, appointments.notes, appointments.created_at, appointments.updated_at, patients.id AS id_1, patients.practice_id AS practice_id_1, patients.first_name, patients.last_name, patients.email, patients.phone, patients.date_of_birth, patients.medical_history, patients.consent_status, patients.plan_type, patients.chief_complaint, patients.needs_surgery, patients.ai_agent_assigned, patients.agent_status, patients.agent_cost, patients.lifecycle_stage, patients.lost_reason, patients.source, patients.portal_token, patients.portal_enabled, patients.created_at AS created_at_1, patients.updated_at AS updated_at_1 
FROM appointments JOIN patients ON patients.id = appointments.patient_id 
WHERE appointments.practice_id = $1::UUID ORDER BY appointments.start_time
2026-09-02 15:59:16,551 INFO [cached since 14.06s ago] (UUID('4d1123f3-3ba2-42f3-b584-a5009c7b3e39'),)
2026-09-02 15:59:16,554 INFO COMMIT
2026-09-02 15:59:16,557 INFO SELECT patients.id, patients.practice_id, patients.first_name, patients.last_name, patients.email, patients.phone, patients.date_of_birth, patients.medical_history, patients.consent_status, patients.plan_type, patients.chief_complaint, patients.needs_surgery, patients.ai_agent_assigned, patients.agent_status, patients.agent_cost, patients.lifecycle_stage, patients.lost_reason, patients.source, patients.portal_token, patients.portal_enabled, patients.created_at, patients.updated_at 
FROM patients 
WHERE patients.practice_id = $1::UUID ORDER BY patients.created_at DESC
2026-09-02 15:59:16,558 INFO [cached since 1656s ago] (UUID('4d1123f3-3ba2-42f3-b584-a5009c7b3e39'),)
2026-09-02 15:59:16,561 INFO SELECT attendance_records.id, attendance_records.practice_id, attendance_records.user_id, attendance_records.doctor_id, attendance_records.check_in_at, attendance_records.check_out_at 
FROM attendance_records 
WHERE attendance_records.practice_id = $1::UUID AND attendance_records.user_id = $2::UUID ORDER BY attendance_records.check_in_at DESC 
 LIMIT $3::INTEGER
2026-09-02 15:59:16,562 INFO [cached since 14.09s ago] (UUID('4d1123f3-3ba2-42f3-b584-a5009c7b3e39'), UUID('7a8e4484-f378-4080-bd7f-e1a399b2254e'), 30)
2026-09-02 15:59:16,564 INFO COMMIT
2026-09-02 15:59:16,568 INFO GET /api/v1/doctors 200 1037.58ms
2026-09-02 15:59:16,570 INFO SELECT DISTINCT appointments.patient_id 
FROM appointments 
WHERE appointments.practice_id = $1::UUID AND appointments.patient_id IN ($4::UUID, $5::UUID) AND appointments.start_time >= $2::TIMESTAMP WITH TIME ZONE AND appointments.status != $3::appointmentstatus
2026-09-02 15:59:16,571 INFO [cached since 1656s ago] (UUID('4d1123f3-3ba2-42f3-b584-a5009c7b3e39'), datetime.datetime(2026, 9, 2, 10, 59, 16, 569540, tzinfo=datetime.timezone.utc), 'CANCELLED', UUID('3e6dd1dd-e2aa-46ae-bae4-b64c75f7bafe'), UUID('c4a9ef0d-7c8d-4da9-aaf7-e9e94a6fdc44'))
2026-09-02 15:59:16,573 INFO GET /api/v1/appointments 200 958.26ms
2026-09-02 15:59:16,956 INFO BEGIN (implicit)
2026-09-02 15:59:16,957 INFO SELECT users.id, users.practice_id, users.clerk_id, users.email, users.name, users.role, users.phone, users.is_active, users.permissions, users.is_platform_admin, users.created_at, users.updated_at 
FROM users 
WHERE users.clerk_id = $1::VARCHAR
2026-09-02 15:59:16,958 INFO [cached since 1657s ago] ('user_3IJjXjFLcG4qaagJWxQnHqHoXEr',)
2026-09-02 15:59:16,960 INFO COMMIT
2026-09-02 15:59:17,396 INFO BEGIN (implicit)
2026-09-02 15:59:17,398 INFO SELECT users.id, users.practice_id, users.clerk_id, users.email, users.name, users.role, users.phone, users.is_active, users.permissions, users.is_platform_admin, users.created_at, users.updated_at 
FROM users 
WHERE users.clerk_id = $1::VARCHAR
2026-09-02 15:59:17,398 INFO [cached since 1657s ago] ('user_3IJjXjFLcG4qaagJWxQnHqHoXEr',)
2026-09-02 15:59:17,403 INFO SELECT DISTINCT appointments.patient_id 
FROM appointments 
WHERE appointments.practice_id = $1::UUID AND appointments.patient_id IN ($3::UUID, $4::UUID) AND appointments.status = $2::appointmentstatus
2026-09-02 15:59:17,404 INFO [cached since 1657s ago] (UUID('4d1123f3-3ba2-42f3-b584-a5009c7b3e39'), 'COMPLETED', UUID('3e6dd1dd-e2aa-46ae-bae4-b64c75f7bafe'), UUID('c4a9ef0d-7c8d-4da9-aaf7-e9e94a6fdc44'))
2026-09-02 15:59:17,408 INFO SELECT doctors.id, doctors.practice_id, doctors.user_id, doctors.name, doctors.email, doctors.phone, doctors.specialty, doctors.license_number, doctors.bio, doctors.photo_url, doctors.capabilities, doctors.permissions, doctors.is_active, doctors.created_at, doctors.updated_at 
FROM doctors 
WHERE doctors.practice_id = $1::UUID ORDER BY doctors.created_at DESC
2026-09-02 15:59:17,409 INFO [cached since 25.82s ago] (UUID('4d1123f3-3ba2-42f3-b584-a5009c7b3e39'),)
2026-09-02 15:59:17,411 INFO GET /api/v1/attendance/me 200 1308.28ms
2026-09-02 15:59:17,413 INFO SELECT appointments.id, appointments.practice_id, appointments.patient_id, appointments.doctor_id, appointments.appointment_type, appointments.status, appointments.start_time, appointments.end_time, appointments.checked_in_at, appointments.notes, appointments.created_at, appointments.updated_at, patients.id AS id_1, patients.practice_id AS practice_id_1, patients.first_name, patients.last_name, patients.email, patients.phone, patients.date_of_birth, patients.medical_history, patients.consent_status, patients.plan_type, patients.chief_complaint, patients.needs_surgery, patients.ai_agent_assigned, patients.agent_status, patients.agent_cost, patients.lifecycle_stage, patients.lost_reason, patients.source, patients.portal_token, patients.portal_enabled, patients.created_at AS created_at_1, patients.updated_at AS updated_at_1 
FROM appointments JOIN patients ON patients.id = appointments.patient_id 
WHERE appointments.practice_id = $1::UUID ORDER BY appointments.start_time
2026-09-02 15:59:17,414 INFO [cached since 14.92s ago] (UUID('4d1123f3-3ba2-42f3-b584-a5009c7b3e39'),)
2026-09-02 15:59:17,417 INFO COMMIT
2026-09-02 15:59:17,420 INFO COMMIT
2026-09-02 15:59:17,422 INFO COMMIT
2026-09-02 15:59:17,425 INFO GET /api/v1/doctors 200 851.46ms
2026-09-02 15:59:17,427 INFO GET /api/v1/patients 200 1411.66ms
2026-09-02 15:59:17,429 INFO GET /api/v1/appointments 200 467.82ms
2026-09-02 15:59:17,842 INFO BEGIN (implicit)
2026-09-02 15:59:17,845 INFO SELECT users.id, users.practice_id, users.clerk_id, users.email, users.name, users.role, users.phone, users.is_active, users.permissions, users.is_platform_admin, users.created_at, users.updated_at 
FROM users 
WHERE users.clerk_id = $1::VARCHAR
2026-09-02 15:59:17,848 INFO [cached since 1658s ago] ('user_3IJjXjFLcG4qaagJWxQnHqHoXEr',)
2026-09-02 15:59:18,275 INFO BEGIN (implicit)
2026-09-02 15:59:18,277 INFO SELECT users.id, users.practice_id, users.clerk_id, users.email, users.name, users.role, users.phone, users.is_active, users.permissions, users.is_platform_admin, users.created_at, users.updated_at 
FROM users 
WHERE users.clerk_id = $1::VARCHAR
2026-09-02 15:59:18,278 INFO [cached since 1658s ago] ('user_3IJjXjFLcG4qaagJWxQnHqHoXEr',)
2026-09-02 15:59:18,392 INFO BEGIN (implicit)
2026-09-02 15:59:18,393 INFO SELECT users.id, users.practice_id, users.clerk_id, users.email, users.name, users.role, users.phone, users.is_active, users.permissions, users.is_platform_admin, users.created_at, users.updated_at 
FROM users 
WHERE users.clerk_id = $1::VARCHAR
2026-09-02 15:59:18,394 INFO [cached since 1658s ago] ('user_3IJjXjFLcG4qaagJWxQnHqHoXEr',)
2026-09-02 15:59:18,397 INFO OPTIONS /api/v1/staff 200 0.86ms
2026-09-02 15:59:18,399 INFO SELECT doctors.id, doctors.practice_id, doctors.user_id, doctors.name, doctors.email, doctors.phone, doctors.specialty, doctors.license_number, doctors.bio, doctors.photo_url, doctors.capabilities, doctors.permissions, doctors.is_active, doctors.created_at, doctors.updated_at 
FROM doctors 
WHERE doctors.practice_id = $1::UUID ORDER BY doctors.created_at DESC
2026-09-02 15:59:18,400 INFO [cached since 26.81s ago] (UUID('4d1123f3-3ba2-42f3-b584-a5009c7b3e39'),)
2026-09-02 15:59:18,405 INFO SELECT patients.id, patients.practice_id, patients.first_name, patients.last_name, patients.email, patients.phone, patients.date_of_birth, patients.medical_history, patients.consent_status, patients.plan_type, patients.chief_complaint, patients.needs_surgery, patients.ai_agent_assigned, patients.agent_status, patients.agent_cost, patients.lifecycle_stage, patients.lost_reason, patients.source, patients.portal_token, patients.portal_enabled, patients.created_at, patients.updated_at 
FROM patients 
WHERE patients.practice_id = $1::UUID ORDER BY patients.created_at DESC
2026-09-02 15:59:18,406 INFO [cached since 1658s ago] (UUID('4d1123f3-3ba2-42f3-b584-a5009c7b3e39'),)
2026-09-02 15:59:18,408 ERROR Exception in callback _ProactorBasePipeTransport._call_connection_lost()
handle: <Handle _ProactorBasePipeTransport._call_connection_lost()>
Traceback (most recent call last):
  File "C:\Python314\Lib\asyncio\events.py", line 94, in _run
    self._context.run(self._callback, *self._args)
    ~~~~~~~~~~~~~~~~~^^^^^^^^^^^^^^^^^^^^^^^^^^^^^
  File "C:\Python314\Lib\asyncio\proactor_events.py", line 165, in _call_connection_lost
    self._sock.shutdown(socket.SHUT_RDWR)
    ~~~~~~~~~~~~~~~~~~~^^^^^^^^^^^^^^^^^^
ConnectionResetError: [WinError 10054] An existing connection was forcibly closed by the remote host
2026-09-02 15:59:18,411 INFO SELECT appointments.id, appointments.practice_id, appointments.patient_id, appointments.doctor_id, appointments.appointment_type, appointments.status, appointments.start_time, appointments.end_time, appointments.checked_in_at, appointments.notes, appointments.created_at, appointments.updated_at, patients.id AS id_1, patients.practice_id AS practice_id_1, patients.first_name, patients.last_name, patients.email, patients.phone, patients.date_of_birth, patients.medical_history, patients.consent_status, patients.plan_type, patients.chief_complaint, patients.needs_surgery, patients.ai_agent_assigned, patients.agent_status, patients.agent_cost, patients.lifecycle_stage, patients.lost_reason, patients.source, patients.portal_token, patients.portal_enabled, patients.created_at AS created_at_1, patients.updated_at AS updated_at_1 
FROM appointments JOIN patients ON patients.id = appointments.patient_id 
WHERE appointments.practice_id = $1::UUID ORDER BY appointments.start_time
2026-09-02 15:59:18,415 INFO [cached since 15.92s ago] (UUID('4d1123f3-3ba2-42f3-b584-a5009c7b3e39'),)
2026-09-02 15:59:18,492 INFO BEGIN (implicit)
2026-09-02 15:59:18,494 INFO SELECT users.id, users.practice_id, users.clerk_id, users.email, users.name, users.role, users.phone, users.is_active, users.permissions, users.is_platform_admin, users.created_at, users.updated_at 
FROM users 
WHERE users.clerk_id = $1::VARCHAR
2026-09-02 15:59:18,496 INFO [cached since 1658s ago] ('user_3IJjXjFLcG4qaagJWxQnHqHoXEr',)
2026-09-02 15:59:18,501 INFO COMMIT
2026-09-02 15:59:18,506 INFO SELECT DISTINCT appointments.patient_id 
FROM appointments 
WHERE appointments.practice_id = $1::UUID AND appointments.patient_id IN ($4::UUID, $5::UUID) AND appointments.start_time >= $2::TIMESTAMP WITH TIME ZONE AND appointments.status != $3::appointmentstatus
2026-09-02 15:59:18,508 INFO [cached since 1658s ago] (UUID('4d1123f3-3ba2-42f3-b584-a5009c7b3e39'), datetime.datetime(2026, 9, 2, 10, 59, 18, 504786, tzinfo=datetime.timezone.utc), 'CANCELLED', UUID('3e6dd1dd-e2aa-46ae-bae4-b64c75f7bafe'), UUID('c4a9ef0d-7c8d-4da9-aaf7-e9e94a6fdc44'))
2026-09-02 15:59:18,512 INFO COMMIT
2026-09-02 15:59:18,518 INFO SELECT DISTINCT appointments.patient_id 
FROM appointments 
WHERE appointments.practice_id = $1::UUID AND appointments.patient_id IN ($3::UUID, $4::UUID) AND appointments.status = $2::appointmentstatus
2026-09-02 15:59:18,520 INFO [cached since 1658s ago] (UUID('4d1123f3-3ba2-42f3-b584-a5009c7b3e39'), 'COMPLETED', UUID('3e6dd1dd-e2aa-46ae-bae4-b64c75f7bafe'), UUID('c4a9ef0d-7c8d-4da9-aaf7-e9e94a6fdc44'))
2026-09-02 15:59:18,526 INFO SELECT users.id, users.practice_id, users.clerk_id, users.email, users.name, users.role, users.phone, users.is_active, users.permissions, users.is_platform_admin, users.created_at, users.updated_at 
FROM users 
WHERE users.practice_id = $1::UUID AND users.role = $2::userrole ORDER BY users.created_at DESC
2026-09-02 15:59:18,527 INFO [generated in 0.00152s] (UUID('4d1123f3-3ba2-42f3-b584-a5009c7b3e39'), 'RECEPTIONIST')
2026-09-02 15:59:18,530 INFO GET /api/v1/doctors 200 1098.92ms
2026-09-02 15:59:18,532 INFO GET /api/v1/appointments 200 252.50ms
2026-09-02 15:59:18,533 INFO COMMIT
2026-09-02 15:59:18,538 INFO COMMIT
2026-09-02 15:59:18,540 INFO GET /api/v1/patients 200 688.20ms
2026-09-02 15:59:19,086 INFO BEGIN (implicit)
2026-09-02 15:59:19,088 INFO SELECT users.id, users.practice_id, users.clerk_id, users.email, users.name, users.role, users.phone, users.is_active, users.permissions, users.is_platform_admin, users.created_at, users.updated_at 
FROM users 
WHERE users.clerk_id = $1::VARCHAR
2026-09-02 15:59:19,090 INFO [cached since 1659s ago] ('user_3IJjXjFLcG4qaagJWxQnHqHoXEr',)
2026-09-02 15:59:19,092 INFO GET /api/v1/staff 200 675.60ms
2026-09-02 15:59:19,534 INFO BEGIN (implicit)
2026-09-02 15:59:19,537 INFO SELECT users.id, users.practice_id, users.clerk_id, users.email, users.name, users.role, users.phone, users.is_active, users.permissions, users.is_platform_admin, users.created_at, users.updated_at 
FROM users 
WHERE users.clerk_id = $1::VARCHAR
2026-09-02 15:59:19,538 INFO [cached since 1659s ago] ('user_3IJjXjFLcG4qaagJWxQnHqHoXEr',)
2026-09-02 15:59:19,957 INFO BEGIN (implicit)
2026-09-02 15:59:19,958 INFO SELECT users.id, users.practice_id, users.clerk_id, users.email, users.name, users.role, users.phone, users.is_active, users.permissions, users.is_platform_admin, users.created_at, users.updated_at 
FROM users 
WHERE users.clerk_id = $1::VARCHAR
2026-09-02 15:59:19,959 INFO [cached since 1660s ago] ('user_3IJjXjFLcG4qaagJWxQnHqHoXEr',)
2026-09-02 15:59:20,388 INFO BEGIN (implicit)
2026-09-02 15:59:20,390 INFO SELECT users.id, users.practice_id, users.clerk_id, users.email, users.name, users.role, users.phone, users.is_active, users.permissions, users.is_platform_admin, users.created_at, users.updated_at 
FROM users 
WHERE users.clerk_id = $1::VARCHAR
2026-09-02 15:59:20,391 INFO [cached since 1660s ago] ('user_3IJjXjFLcG4qaagJWxQnHqHoXEr',)
2026-09-02 15:59:20,394 INFO SELECT patients.id, patients.practice_id, patients.first_name, patients.last_name, patients.email, patients.phone, patients.date_of_birth, patients.medical_history, patients.consent_status, patients.plan_type, patients.chief_complaint, patients.needs_surgery, patients.ai_agent_assigned, patients.agent_status, patients.agent_cost, patients.lifecycle_stage, patients.lost_reason, patients.source, patients.portal_token, patients.portal_enabled, patients.created_at, patients.updated_at 
FROM patients 
WHERE patients.practice_id = $1::UUID ORDER BY patients.created_at DESC
2026-09-02 15:59:20,395 INFO [cached since 1660s ago] (UUID('4d1123f3-3ba2-42f3-b584-a5009c7b3e39'),)
2026-09-02 15:59:20,397 INFO SELECT doctors.id, doctors.practice_id, doctors.user_id, doctors.name, doctors.email, doctors.phone, doctors.specialty, doctors.license_number, doctors.bio, doctors.photo_url, doctors.capabilities, doctors.permissions, doctors.is_active, doctors.created_at, doctors.updated_at 
FROM doctors 
WHERE doctors.practice_id = $1::UUID ORDER BY doctors.created_at DESC
2026-09-02 15:59:20,398 INFO [cached since 28.81s ago] (UUID('4d1123f3-3ba2-42f3-b584-a5009c7b3e39'),)
2026-09-02 15:59:20,401 INFO SELECT attendance_records.id, attendance_records.practice_id, attendance_records.user_id, attendance_records.doctor_id, attendance_records.check_in_at, attendance_records.check_out_at 
FROM attendance_records 
WHERE attendance_records.practice_id = $1::UUID AND attendance_records.user_id = $2::UUID ORDER BY attendance_records.check_in_at DESC 
 LIMIT $3::INTEGER
2026-09-02 15:59:20,402 INFO [cached since 17.93s ago] (UUID('4d1123f3-3ba2-42f3-b584-a5009c7b3e39'), UUID('7a8e4484-f378-4080-bd7f-e1a399b2254e'), 30)
2026-09-02 15:59:20,405 INFO SELECT DISTINCT appointments.patient_id 
FROM appointments 
WHERE appointments.practice_id = $1::UUID AND appointments.patient_id IN ($4::UUID, $5::UUID) AND appointments.start_time >= $2::TIMESTAMP WITH TIME ZONE AND appointments.status != $3::appointmentstatus
2026-09-02 15:59:20,406 INFO [cached since 1660s ago] (UUID('4d1123f3-3ba2-42f3-b584-a5009c7b3e39'), datetime.datetime(2026, 9, 2, 10, 59, 20, 404338, tzinfo=datetime.timezone.utc), 'CANCELLED', UUID('3e6dd1dd-e2aa-46ae-bae4-b64c75f7bafe'), UUID('c4a9ef0d-7c8d-4da9-aaf7-e9e94a6fdc44'))
2026-09-02 15:59:20,408 INFO SELECT appointments.id, appointments.practice_id, appointments.patient_id, appointments.doctor_id, appointments.appointment_type, appointments.status, appointments.start_time, appointments.end_time, appointments.checked_in_at, appointments.notes, appointments.created_at, appointments.updated_at, patients.id AS id_1, patients.practice_id AS practice_id_1, patients.first_name, patients.last_name, patients.email, patients.phone, patients.date_of_birth, patients.medical_history, patients.consent_status, patients.plan_type, patients.chief_complaint, patients.needs_surgery, patients.ai_agent_assigned, patients.agent_status, patients.agent_cost, patients.lifecycle_stage, patients.lost_reason, patients.source, patients.portal_token, patients.portal_enabled, patients.created_at AS created_at_1, patients.updated_at AS updated_at_1 
FROM appointments JOIN patients ON patients.id = appointments.patient_id 
WHERE appointments.practice_id = $1::UUID ORDER BY appointments.start_time
2026-09-02 15:59:20,409 INFO [cached since 17.92s ago] (UUID('4d1123f3-3ba2-42f3-b584-a5009c7b3e39'),)
2026-09-02 15:59:20,411 INFO COMMIT
2026-09-02 15:59:20,413 INFO COMMIT
2026-09-02 15:59:20,416 INFO SELECT DISTINCT appointments.patient_id 
FROM appointments 
WHERE appointments.practice_id = $1::UUID AND appointments.patient_id IN ($3::UUID, $4::UUID) AND appointments.status = $2::appointmentstatus
2026-09-02 15:59:20,417 INFO [cached since 1660s ago] (UUID('4d1123f3-3ba2-42f3-b584-a5009c7b3e39'), 'COMPLETED', UUID('3e6dd1dd-e2aa-46ae-bae4-b64c75f7bafe'), UUID('c4a9ef0d-7c8d-4da9-aaf7-e9e94a6fdc44'))
2026-09-02 15:59:20,419 INFO COMMIT
2026-09-02 15:59:20,421 INFO COMMIT
2026-09-02 15:59:20,424 INFO GET /api/v1/doctors 200 883.60ms
2026-09-02 15:59:20,425 INFO GET /api/v1/attendance/me 200 1331.52ms
2026-09-02 15:59:20,428 INFO GET /api/v1/appointments 200 467.26ms
2026-09-02 15:59:20,871 INFO BEGIN (implicit)
2026-09-02 15:59:20,875 INFO SELECT users.id, users.practice_id, users.clerk_id, users.email, users.name, users.role, users.phone, users.is_active, users.permissions, users.is_platform_admin, users.created_at, users.updated_at 
FROM users 
WHERE users.clerk_id = $1::VARCHAR
2026-09-02 15:59:20,878 INFO [cached since 1661s ago] ('user_3IJjXjFLcG4qaagJWxQnHqHoXEr',)
2026-09-02 15:59:20,885 INFO GET /api/v1/patients 200 2342.90ms
2026-09-02 15:59:21,461 INFO BEGIN (implicit)
2026-09-02 15:59:21,465 INFO SELECT users.id, users.practice_id, users.clerk_id, users.email, users.name, users.role, users.phone, users.is_active, users.permissions, users.is_platform_admin, users.created_at, users.updated_at 
FROM users 
WHERE users.clerk_id = $1::VARCHAR
2026-09-02 15:59:21,467 INFO [cached since 1661s ago] ('user_3IJjXjFLcG4qaagJWxQnHqHoXEr',)
2026-09-02 15:59:21,544 INFO BEGIN (implicit)
2026-09-02 15:59:21,547 INFO SELECT users.id, users.practice_id, users.clerk_id, users.email, users.name, users.role, users.phone, users.is_active, users.permissions, users.is_platform_admin, users.created_at, users.updated_at 
FROM users 
WHERE users.clerk_id = $1::VARCHAR
2026-09-02 15:59:21,549 INFO [cached since 1661s ago] ('user_3IJjXjFLcG4qaagJWxQnHqHoXEr',)
2026-09-02 15:59:21,554 INFO SELECT doctors.id, doctors.practice_id, doctors.user_id, doctors.name, doctors.email, doctors.phone, doctors.specialty, doctors.license_number, doctors.bio, doctors.photo_url, doctors.capabilities, doctors.permissions, doctors.is_active, doctors.created_at, doctors.updated_at 
FROM doctors 
WHERE doctors.practice_id = $1::UUID ORDER BY doctors.created_at DESC
2026-09-02 15:59:21,556 INFO [cached since 29.96s ago] (UUID('4d1123f3-3ba2-42f3-b584-a5009c7b3e39'),)
2026-09-02 15:59:21,562 INFO SELECT appointments.id, appointments.practice_id, appointments.patient_id, appointments.doctor_id, appointments.appointment_type, appointments.status, appointments.start_time, appointments.end_time, appointments.checked_in_at, appointments.notes, appointments.created_at, appointments.updated_at, patients.id AS id_1, patients.practice_id AS practice_id_1, patients.first_name, patients.last_name, patients.email, patients.phone, patients.date_of_birth, patients.medical_history, patients.consent_status, patients.plan_type, patients.chief_complaint, patients.needs_surgery, patients.ai_agent_assigned, patients.agent_status, patients.agent_cost, patients.lifecycle_stage, patients.lost_reason, patients.source, patients.portal_token, patients.portal_enabled, patients.created_at AS created_at_1, patients.updated_at AS updated_at_1 
FROM appointments JOIN patients ON patients.id = appointments.patient_id 
WHERE appointments.practice_id = $1::UUID ORDER BY appointments.start_time
2026-09-02 15:59:21,564 INFO [cached since 19.07s ago] (UUID('4d1123f3-3ba2-42f3-b584-a5009c7b3e39'),)
2026-09-02 15:59:21,567 INFO COMMIT
2026-09-02 15:59:21,570 INFO SELECT patients.id, patients.practice_id, patients.first_name, patients.last_name, patients.email, patients.phone, patients.date_of_birth, patients.medical_history, patients.consent_status, patients.plan_type, patients.chief_complaint, patients.needs_surgery, patients.ai_agent_assigned, patients.agent_status, patients.agent_cost, patients.lifecycle_stage, patients.lost_reason, patients.source, patients.portal_token, patients.portal_enabled, patients.created_at, patients.updated_at 
FROM patients 
WHERE patients.practice_id = $1::UUID ORDER BY patients.created_at DESC
2026-09-02 15:59:21,572 INFO [cached since 1661s ago] (UUID('4d1123f3-3ba2-42f3-b584-a5009c7b3e39'),)
2026-09-02 15:59:21,575 INFO COMMIT
2026-09-02 15:59:21,578 INFO GET /api/v1/doctors 200 1148.77ms
2026-09-02 15:59:21,580 INFO GET /api/v1/appointments 200 692.33ms
2026-09-02 15:59:21,582 INFO SELECT DISTINCT appointments.patient_id 
FROM appointments 
WHERE appointments.practice_id = $1::UUID AND appointments.patient_id IN ($4::UUID, $5::UUID) AND appointments.start_time >= $2::TIMESTAMP WITH TIME ZONE AND appointments.status != $3::appointmentstatus
2026-09-02 15:59:21,583 INFO [cached since 1661s ago] (UUID('4d1123f3-3ba2-42f3-b584-a5009c7b3e39'), datetime.datetime(2026, 9, 2, 10, 59, 21, 581906, tzinfo=datetime.timezone.utc), 'CANCELLED', UUID('3e6dd1dd-e2aa-46ae-bae4-b64c75f7bafe'), UUID('c4a9ef0d-7c8d-4da9-aaf7-e9e94a6fdc44'))
2026-09-02 15:59:21,587 INFO SELECT DISTINCT appointments.patient_id 
FROM appointments 
WHERE appointments.practice_id = $1::UUID AND appointments.patient_id IN ($3::UUID, $4::UUID) AND appointments.status = $2::appointmentstatus
2026-09-02 15:59:21,588 INFO [cached since 1661s ago] (UUID('4d1123f3-3ba2-42f3-b584-a5009c7b3e39'), 'COMPLETED', UUID('3e6dd1dd-e2aa-46ae-bae4-b64c75f7bafe'), UUID('c4a9ef0d-7c8d-4da9-aaf7-e9e94a6fdc44'))
2026-09-02 15:59:21,591 INFO COMMIT
2026-09-02 15:59:21,600 INFO GET /api/v1/patients 200 127.77ms
2026-09-02 15:59:22,000 INFO BEGIN (implicit)
2026-09-02 15:59:22,001 INFO SELECT users.id, users.practice_id, users.clerk_id, users.email, users.name, users.role, users.phone, users.is_active, users.permissions, users.is_platform_admin, users.created_at, users.updated_at 
FROM users 
WHERE users.clerk_id = $1::VARCHAR
2026-09-02 15:59:22,002 INFO [cached since 1662s ago] ('user_3IJjXjFLcG4qaagJWxQnHqHoXEr',)
2026-09-02 15:59:22,005 INFO SELECT patients.id, patients.practice_id, patients.first_name, patients.last_name, patients.email, patients.phone, patients.date_of_birth, patients.medical_history, patients.consent_status, patients.plan_type, patients.chief_complaint, patients.needs_surgery, patients.ai_agent_assigned, patients.agent_status, patients.agent_cost, patients.lifecycle_stage, patients.lost_reason, patients.source, patients.portal_token, patients.portal_enabled, patients.created_at, patients.updated_at 
FROM patients 
WHERE patients.practice_id = $1::UUID ORDER BY patients.created_at DESC
2026-09-02 15:59:22,006 INFO [cached since 1661s ago] (UUID('4d1123f3-3ba2-42f3-b584-a5009c7b3e39'),)
2026-09-02 15:59:22,009 INFO SELECT DISTINCT appointments.patient_id 
FROM appointments 
WHERE appointments.practice_id = $1::UUID AND appointments.patient_id IN ($4::UUID, $5::UUID) AND appointments.start_time >= $2::TIMESTAMP WITH TIME ZONE AND appointments.status != $3::appointmentstatus
2026-09-02 15:59:22,010 INFO [cached since 1661s ago] (UUID('4d1123f3-3ba2-42f3-b584-a5009c7b3e39'), datetime.datetime(2026, 9, 2, 10, 59, 22, 8457, tzinfo=datetime.timezone.utc), 'CANCELLED', UUID('3e6dd1dd-e2aa-46ae-bae4-b64c75f7bafe'), UUID('c4a9ef0d-7c8d-4da9-aaf7-e9e94a6fdc44'))
2026-09-02 15:59:22,012 INFO SELECT DISTINCT appointments.patient_id 
FROM appointments 
WHERE appointments.practice_id = $1::UUID AND appointments.patient_id IN ($3::UUID, $4::UUID) AND appointments.status = $2::appointmentstatus
2026-09-02 15:59:22,013 INFO [cached since 1661s ago] (UUID('4d1123f3-3ba2-42f3-b584-a5009c7b3e39'), 'COMPLETED', UUID('3e6dd1dd-e2aa-46ae-bae4-b64c75f7bafe'), UUID('c4a9ef0d-7c8d-4da9-aaf7-e9e94a6fdc44'))
2026-09-02 15:59:22,016 INFO COMMIT
2026-09-02 15:59:22,018 INFO GET /api/v1/patients 200 417.18ms
2026-09-02 15:59:22,968 INFO BEGIN (implicit)
2026-09-02 15:59:22,969 INFO SELECT users.id, users.practice_id, users.clerk_id, users.email, users.name, users.role, users.phone, users.is_active, users.permissions, users.is_platform_admin, users.created_at, users.updated_at 
FROM users 
WHERE users.clerk_id = $1::VARCHAR
2026-09-02 15:59:22,970 INFO [cached since 1663s ago] ('user_3IJjXjFLcG4qaagJWxQnHqHoXEr',)
2026-09-02 15:59:23,353 INFO BEGIN (implicit)
2026-09-02 15:59:23,354 INFO SELECT users.id, users.practice_id, users.clerk_id, users.email, users.name, users.role, users.phone, users.is_active, users.permissions, users.is_platform_admin, users.created_at, users.updated_at 
FROM users 
WHERE users.clerk_id = $1::VARCHAR
2026-09-02 15:59:23,355 INFO [cached since 1663s ago] ('user_3IJjXjFLcG4qaagJWxQnHqHoXEr',)
2026-09-02 15:59:23,358 INFO SELECT practices.id, practices.name, practices.email, practices.phone, practices.address, practices.timezone, practices.settings, practices.created_at, practices.updated_at 
FROM practices 
WHERE practices.id = $1::UUID
2026-09-02 15:59:23,359 INFO [cached since 1663s ago] (UUID('4d1123f3-3ba2-42f3-b584-a5009c7b3e39'),)
2026-09-02 15:59:23,361 INFO SELECT doctors.id, doctors.practice_id, doctors.user_id, doctors.name, doctors.email, doctors.phone, doctors.specialty, doctors.license_number, doctors.bio, doctors.photo_url, doctors.capabilities, doctors.permissions, doctors.is_active, doctors.created_at, doctors.updated_at 
FROM doctors 
WHERE doctors.practice_id = $1::UUID ORDER BY doctors.created_at DESC
2026-09-02 15:59:23,362 INFO [cached since 31.77s ago] (UUID('4d1123f3-3ba2-42f3-b584-a5009c7b3e39'),)
2026-09-02 15:59:23,365 INFO SELECT subscriptions.id, subscriptions.practice_id, subscriptions.stripe_subscription_id, subscriptions.tier, subscriptions.status, subscriptions.price, subscriptions.start_date, subscriptions.end_date, subscriptions.auto_renew, subscriptions.created_at, subscriptions.updated_at 
FROM subscriptions 
WHERE subscriptions.practice_id = $1::UUID AND subscriptions.status IN ($2::subscriptionstatus, $3::subscriptionstatus) ORDER BY subscriptions.created_at DESC
2026-09-02 15:59:23,366 INFO [cached since 1663s ago] (UUID('4d1123f3-3ba2-42f3-b584-a5009c7b3e39'), 'ACTIVE', 'TRIAL')
2026-09-02 15:59:23,368 INFO COMMIT
2026-09-02 15:59:23,370 INFO GET /api/v1/practice/doctor-signup-code 200 819.13ms
2026-09-02 15:59:23,372 INFO COMMIT
2026-09-02 15:59:23,375 INFO GET /api/v1/doctors 200 403.02ms
2026-09-02 15:59:27,461 INFO BEGIN (implicit)
2026-09-02 15:59:27,464 INFO SELECT users.id, users.practice_id, users.clerk_id, users.email, users.name, users.role, users.phone, users.is_active, users.permissions, users.is_platform_admin, users.created_at, users.updated_at 
FROM users 
WHERE users.clerk_id = $1::VARCHAR
2026-09-02 15:59:27,466 INFO [cached since 1667s ago] ('user_3IJjXjFLcG4qaagJWxQnHqHoXEr',)
2026-09-02 15:59:27,473 INFO SELECT users.id, users.practice_id, users.clerk_id, users.email, users.name, users.role, users.phone, users.is_active, users.permissions, users.is_platform_admin, users.created_at, users.updated_at 
FROM users 
WHERE users.practice_id = $1::UUID AND users.role = $2::userrole ORDER BY users.created_at DESC
2026-09-02 15:59:27,475 INFO [cached since 8.949s ago] (UUID('4d1123f3-3ba2-42f3-b584-a5009c7b3e39'), 'RECEPTIONIST')
2026-09-02 15:59:27,480 INFO COMMIT
2026-09-02 15:59:27,483 INFO GET /api/v1/staff 200 415.36ms
2026-09-02 16:06:32,067 INFO GET /health 200 1.44ms
2026-09-02 16:10:53,292 INFO OPTIONS /api/v1/patients 200 1.76ms
2026-09-02 16:10:54,965 INFO BEGIN (implicit)
2026-09-02 16:10:54,968 INFO SELECT users.id, users.practice_id, users.clerk_id, users.email, users.name, users.role, users.phone, users.is_active, users.permissions, users.is_platform_admin, users.created_at, users.updated_at 
FROM users 
WHERE users.clerk_id = $1::VARCHAR
2026-09-02 16:10:54,970 INFO [cached since 2355s ago] ('user_3IJjXjFLcG4qaagJWxQnHqHoXEr',)
2026-09-02 16:10:54,988 INFO SELECT patients.id, patients.practice_id, patients.first_name, patients.last_name, patients.email, patients.phone, patients.date_of_birth, patients.medical_history, patients.consent_status, patients.plan_type, patients.chief_complaint, patients.needs_surgery, patients.ai_agent_assigned, patients.agent_status, patients.agent_cost, patients.lifecycle_stage, patients.lost_reason, patients.source, patients.portal_token, patients.portal_enabled, patients.created_at, patients.updated_at 
FROM patients 
WHERE patients.practice_id = $1::UUID ORDER BY patients.created_at DESC
2026-09-02 16:10:54,991 INFO [cached since 2354s ago] (UUID('4d1123f3-3ba2-42f3-b584-a5009c7b3e39'),)
2026-09-02 16:10:54,999 INFO SELECT DISTINCT appointments.patient_id 
FROM appointments 
WHERE appointments.practice_id = $1::UUID AND appointments.patient_id IN ($4::UUID, $5::UUID) AND appointments.start_time >= $2::TIMESTAMP WITH TIME ZONE AND appointments.status != $3::appointmentstatus
2026-09-02 16:10:55,001 INFO [cached since 2354s ago] (UUID('4d1123f3-3ba2-42f3-b584-a5009c7b3e39'), datetime.datetime(2026, 9, 2, 11, 10, 54, 995369, tzinfo=datetime.timezone.utc), 'CANCELLED', UUID('3e6dd1dd-e2aa-46ae-bae4-b64c75f7bafe'), UUID('c4a9ef0d-7c8d-4da9-aaf7-e9e94a6fdc44'))
2026-09-02 16:10:55,004 INFO SELECT DISTINCT appointments.patient_id 
FROM appointments 
WHERE appointments.practice_id = $1::UUID AND appointments.patient_id IN ($3::UUID, $4::UUID) AND appointments.status = $2::appointmentstatus
2026-09-02 16:10:55,005 INFO [cached since 2354s ago] (UUID('4d1123f3-3ba2-42f3-b584-a5009c7b3e39'), 'COMPLETED', UUID('3e6dd1dd-e2aa-46ae-bae4-b64c75f7bafe'), UUID('c4a9ef0d-7c8d-4da9-aaf7-e9e94a6fdc44'))
2026-09-02 16:10:55,008 INFO COMMIT
2026-09-02 16:10:55,011 INFO GET /api/v1/patients 200 1715.82ms
